<area shape="rect" href="$characterstate_8h.html" title="programming/smalltowns/src/characterstate.h" alt="" coords="319,80,604,107">
<area shape="rect" href="$connectstate_8h.html" title="programming/smalltowns/src/connectstate.h" alt="" coords="771,80,1048,107">
<area shape="rect" href="$loginstate_8h.html" title="programming/smalltowns/src/loginstate.h" alt="" coords="1371,80,1629,107">
<area shape="rect" href="$registerstate_8h.html" title="programming/smalltowns/src/registerstate.h" alt="" coords="1072,80,1347,107">
<area shape="rect" href="$teststate_8h.html" title="programming/smalltowns/src/teststate.h" alt="" coords="1653,80,1907,107">
<area shape="rect" href="$updatestate_8h.html" title="programming/smalltowns/src/updatestate.h" alt="" coords="19,80,288,107">
<area shape="rect" href="$characterstate_8cpp.html" title="programming/smalltowns/src/characterstate.cpp" alt="" coords="312,155,611,181">
<area shape="rect" href="$updatestate_8cpp.html" title="programming/smalltowns/src/updatestate.cpp" alt="" coords="5,155,288,181">
<area shape="rect" href="$connectstate_8cpp.html" title="programming/smalltowns/src/connectstate.cpp" alt="" coords="907,155,1197,181">
<area shape="rect" href="$game_8cpp.html" title="programming/smalltowns/src/game.cpp" alt="" coords="635,155,883,181">
<area shape="rect" href="$loginstate_8cpp.html" title="programming/smalltowns/src/loginstate.cpp" alt="" coords="1221,155,1493,181">
<area shape="rect" href="$registerstate_8cpp.html" title="programming/smalltowns/src/registerstate.cpp" alt="" coords="1517,155,1805,181">
<area shape="rect" href="$teststate_8cpp.html" title="programming/smalltowns/src/teststate.cpp" alt="" coords="1829,155,2096,181">
