<area shape="rect" href="$characterstate_8cpp.html" title="programming/smalltowns/src/characterstate.cpp" alt="" coords="5,80,304,107">
<area shape="rect" href="$connectstate_8cpp.html" title="programming/smalltowns/src/connectstate.cpp" alt="" coords="328,80,619,107">
<area shape="rect" href="$game_8cpp.html" title="programming/smalltowns/src/game.cpp" alt="" coords="643,80,891,107">
<area shape="rect" href="$loginstate_8cpp.html" title="programming/smalltowns/src/loginstate.cpp" alt="" coords="915,80,1187,107">
<area shape="rect" href="$main_8cpp.html" title="programming/smalltowns/src/main.cpp" alt="" coords="1211,80,1453,107">
<area shape="rect" href="$registerstate_8cpp.html" title="programming/smalltowns/src/registerstate.cpp" alt="" coords="1477,80,1765,107">
<area shape="rect" href="$teststate_8cpp.html" title="programming/smalltowns/src/teststate.cpp" alt="" coords="1789,80,2056,107">
<area shape="rect" href="$updatestate_8cpp.html" title="programming/smalltowns/src/updatestate.cpp" alt="" coords="2080,80,2363,107">
